bno055.c:11:6:bno055_setPage	16	static
bno055.c:13:17:bno055_getOperationMode	16	static
bno055.c:18:18:bno055_getPowerMode	16	static
bno055.c:24:6:bno055_setOperationMode	16	static
bno055.c:32:6:bno055_setPowerMode	16	static
bno055.c:36:6:bno055_setOperationModeConfig	8	static
bno055.c:40:6:bno055_setOperationModeNDOF	8	static
bno055.c:44:6:bno055_setExternalCrystalUse	24	static
bno055.c:53:6:bno055_enableExternalCrystal	8	static
bno055.c:54:6:bno055_disableExternalCrystal	8	static
bno055.c:56:6:bno055_reset	8	static
bno055.c:61:8:bno055_getTemp	16	static
bno055.c:68:6:bno055_setup	16	static
bno055.c:84:9:bno055_getSWRevision	16	static
bno055.c:91:9:bno055_getBootloaderRevision	16	static
bno055.c:98:9:bno055_getSystemStatus	16	static
bno055.c:105:27:bno055_getSelfTestResult	24	static
bno055.c:118:9:bno055_getSystemError	16	static
bno055.c:125:28:bno055_getCalibrationState	24	static
bno055.c:138:27:bno055_getCalibrationData	72	static
bno055.c:159:6:bno055_setCalibrationData	32	static
bno055.c:180:17:bno055_getVector	152	static
bno055.c:219:17:bno055_getVectorAccelerometer	96	static
bno055.c:222:17:bno055_getVectorMagnetometer	96	static
bno055.c:225:17:bno055_getVectorGyroscope	96	static
bno055.c:228:17:bno055_getVectorEuler	96	static
bno055.c:231:17:bno055_getVectorLinearAccel	96	static
bno055.c:234:17:bno055_getVectorGravity	96	static
bno055.c:237:17:bno055_getVectorQuaternion	96	static
bno055.c:241:6:bno055_setAxisMap	24	static
