MCP2515.c:18:7:MCP2515_Initialize	16	static
MCP2515.c:36:6:MCP2515_SetConfigMode	16	static
MCP2515.c:55:6:MCP2515_SetNormalMode	16	static
MCP2515.c:74:6:MCP2515_SetSleepMode	16	static
MCP2515.c:93:6:MCP2515_Reset	8	static
MCP2515.c:103:9:MCP2515_ReadByte	24	static
MCP2515.c:119:6:MCP2515_ReadRxSequence	16	static
MCP2515.c:130:6:MCP2515_WriteByte	16	static
MCP2515.c:142:6:MCP2515_WriteByteSequence	16	static
MCP2515.c:154:6:MCP2515_LoadTxSequence	24	static
MCP2515.c:167:6:MCP2515_LoadTxBuffer	16	static
MCP2515.c:178:6:MCP2515_RequestToSend	16	static
MCP2515.c:188:9:MCP2515_ReadStatus	16	static
MCP2515.c:203:9:MCP2515_GetRxStatus	16	static
MCP2515.c:218:6:MCP2515_BitModify	16	static
MCP2515.c:231:13:SPI_Tx	16	static
MCP2515.c:237:13:SPI_TxBuffer	16	static
MCP2515.c:243:16:SPI_Rx	16	static
MCP2515.c:251:13:SPI_RxBuffer	16	static
