mcp_can.cpp:38:6:void MCP_CAN::mcp2515_reset()	24	static
mcp_can.cpp:50:7:uint8_t MCP_CAN::mcp2515_readRegister(uint8_t)	32	static
mcp_can.cpp:67:6:void MCP_CAN::mcp2515_readRegisterS(uint8_t, uint8_t*, uint8_t)	48	static
mcp_can.cpp:84:6:void MCP_CAN::mcp2515_setRegister(uint8_t, uint8_t)	24	static
mcp_can.cpp:97:6:void MCP_CAN::mcp2515_setRegisterS(uint8_t, const uint8_t*, uint8_t)	40	static
mcp_can.cpp:115:6:void MCP_CAN::mcp2515_modifyRegister(uint8_t, uint8_t, uint8_t)	24	static
mcp_can.cpp:129:7:uint8_t MCP_CAN::mcp2515_readStatus()	32	static
mcp_can.cpp:144:7:uint8_t MCP_CAN::mcp2515_setCANCTRL_Mode(uint8_t)	24	static
mcp_can.cpp:166:7:uint8_t MCP_CAN::mcp2515_configRate(uint8_t)	24	static
mcp_can.cpp:270:6:void MCP_CAN::mcp2515_initCANBuffers()	32	static
mcp_can.cpp:312:7:uint8_t MCP_CAN::mcp2515_init(uint8_t)	24	static
mcp_can.cpp:408:6:void MCP_CAN::mcp2515_write_id(uint8_t, uint8_t, long unsigned int)	32	static
mcp_can.cpp:439:6:void MCP_CAN::mcp2515_read_id(uint8_t, uint8_t*, long unsigned int*)	32	static
mcp_can.cpp:464:6:void MCP_CAN::mcp2515_write_canMsg(uint8_t)	24	static
mcp_can.cpp:482:6:void MCP_CAN::mcp2515_read_canMsg(uint8_t)	24	static
mcp_can.cpp:508:6:void MCP_CAN::mcp2515_start_transmit(uint8_t)	16	static
mcp_can.cpp:517:7:uint8_t MCP_CAN::mcp2515_getNextFreeTXBuf(uint8_t*)	24	static
mcp_can.cpp:542:1:MCP_CAN::MCP_CAN(uint8_t)	16	static
mcp_can.cpp:553:7:uint8_t MCP_CAN::begin(uint8_t)	24	static
mcp_can.cpp:568:7:uint8_t MCP_CAN::init_Mask(uint8_t, uint8_t, long unsigned int)	32	static
mcp_can.cpp:616:7:uint8_t MCP_CAN::init_Filt(uint8_t, uint8_t, long unsigned int)	32	static
mcp_can.cpp:688:7:uint8_t MCP_CAN::setMsg(long unsigned int, uint8_t, uint8_t, uint8_t, uint8_t*)	32	static
mcp_can.cpp:707:7:uint8_t MCP_CAN::setMsg(long unsigned int, uint8_t, uint8_t, uint8_t*)	32	static
mcp_can.cpp:724:7:uint8_t MCP_CAN::clearMsg()	24	static
mcp_can.cpp:741:7:uint8_t MCP_CAN::sendMsg()	24	static
mcp_can.cpp:776:7:uint8_t MCP_CAN::sendMsgBuf(long unsigned int, uint8_t, uint8_t, uint8_t, uint8_t*)	32	static
mcp_can.cpp:786:7:uint8_t MCP_CAN::sendMsgBuf(long unsigned int, uint8_t, uint8_t, uint8_t*)	32	static
mcp_can.cpp:797:7:uint8_t MCP_CAN::readMsg()	24	static
mcp_can.cpp:826:7:uint8_t MCP_CAN::readMsgBuf(uint8_t*, uint8_t*)	32	static
mcp_can.cpp:847:7:uint8_t MCP_CAN::readMsgBufID(long unsigned int*, uint8_t*, uint8_t*)	32	static
mcp_can.cpp:868:7:uint8_t MCP_CAN::checkReceive()	24	static
mcp_can.cpp:886:7:uint8_t MCP_CAN::checkError()	24	static
mcp_can.cpp:904:8:long unsigned int MCP_CAN::getCanId()	16	static
mcp_can.cpp:913:7:uint8_t MCP_CAN::isRemoteRequest()	16	static
