CANopen.h:51:3:CANopen::CANopen()	16	static
MotorCtrl.cpp:20:6:void MotorCtrl::setup()	16	static
MotorCtrl.cpp:56:6:void MotorCtrl::startController()	16	static
MotorCtrl.cpp:64:9:uint8_t MotorCtrl::setMotorReady()	24	static
MotorCtrl.cpp:76:9:uint8_t MotorCtrl::setOperationMode(int8_t)	24	static
MotorCtrl.cpp:90:9:uint8_t MotorCtrl::enableOperation()	24	static
MotorCtrl.cpp:103:9:uint8_t MotorCtrl::newSetpoint(int32_t, uint32_t)	32	static
MotorCtrl.cpp:115:9:uint8_t MotorCtrl::activateNewSetpoint()	32	static
MotorCtrl.cpp:127:9:uint8_t MotorCtrl::motorHalt()	24	static
MotorCtrl.cpp:131:1:void __static_initialization_and_destruction_0(int, int)	16	static
MotorCtrl.cpp:131:1:cpp)	8	static
